// Jest Snapshot v1, https://goo.gl/fbAQLP

exports[`renders HOME correctly 1`] = `
<View
  style={
    Array [
      Object {
        "marginLeft": "auto",
        "marginRight": "auto",
        "marginTop": "35%",
      },
    ]
  }
>
  <Text
    onPress={[Function]}
    style={
      Array [
        Object {
          "color": "blue",
          "fontSize": 32,
          "marginBottom": 10,
          "marginLeft": 10,
          "marginRight": 10,
          "marginTop": 10,
        },
      ]
    }
  >
    Profile
  </Text>
  <Text
    onPress={[Function]}
    style={
      Array [
        Object {
          "color": "blue",
          "fontSize": 32,
          "marginBottom": 10,
          "marginLeft": 10,
          "marginRight": 10,
          "marginTop": 10,
        },
      ]
    }
  >
    Repos
  </Text>
  <Text
    onPress={[Function]}
    style={
      Array [
        Object {
          "color": "blue",
          "fontSize": 32,
          "marginBottom": 10,
          "marginLeft": 10,
          "marginRight": 10,
          "marginTop": 10,
        },
      ]
    }
  >
    Followers
  </Text>
  <Text
    onPress={[Function]}
    style={
      Array [
        Object {
          "color": "blue",
          "fontSize": 32,
          "marginBottom": 10,
          "marginLeft": 10,
          "marginRight": 10,
          "marginTop": 10,
        },
      ]
    }
  >
    Following
  </Text>
</View>
`;

exports[`renders Header correctly 1`] = `
<View
  style={
    Object {
      "backgroundColor": "papayawhip",
      "flexDirection": "row",
      "height": 100,
    }
  }
>
  <View
    style={
      Object {
        "flex": 0.8,
        "justifyContent": "center",
        "marginLeft": 32,
      }
    }
  >
    <Text
      style={
        Object {
          "fontSize": 32,
          "fontWeight": "bold",
        }
      }
    >
      MirandaLiu1019
    </Text>
  </View>
</View>
`;

exports[`renders Profile correctly 1`] = `
<View
  style={
    Array [
      Object {},
    ]
  }
/>
`;
